邃ｹ・・ [32m[3:59:45][0m ｧｪ 髢狗匱逕ｨ邱丞粋繝・せ繝磯幕蟋・
邃ｹ・・ [32m[3:59:45][0m 統 繝・せ繝・1: 繝ｦ繝ｼ繧ｶ繝ｼ謫堺ｽ・剥 [36m[3:59:45][0m   笨・繝ｦ繝ｼ繧ｶ繝ｼ菴懈・: test_1764874785617
邃ｹ・・ [32m[3:59:45][0m 町 繝・せ繝・2: 繝√Ε繝・ヨ繧ｻ繝・す繝ｧ繝ｳ謫堺ｽ・剥 [36m[3:59:45][0m   笨・繧ｻ繝・す繝ｧ繝ｳ菴懈・: 4154430d-db64-46df-8c0f-72b3a9cb7ac1
邃ｹ・・ [32m[3:59:45][0m 眺 繝・せ繝・3: 繝｡繝・そ繝ｼ繧ｸ菫晏ｭ・剥 [36m[3:59:45][0m    笨・5莉ｶ縺ｮ繝｡繝・そ繝ｼ繧ｸ繧剃ｿ晏ｭ・邃ｹ・・ [32m[3:59:45][0m 剥 繝・せ繝・4: 繧ｻ繝・す繝ｧ繝ｳ蜿門ｾ・剥 [36m[3:59:45][0m   笨・繧ｻ繝・す繝ｧ繝ｳ蜿門ｾ・ 4154430d-db64-46df-8c0f-72b3a9cb7ac1
邃ｹ・・ [32m[3:59:45][0m 箝・繝・せ繝・5: 繝輔ぅ繝ｼ繝峨ヰ繝・け謫堺ｽ・剥 [36m[3:59:45][0m   笨・繝輔ぅ繝ｼ繝峨ヰ繝・け邨ｱ險・- 邱乗焚: 30, 繝昴ず繝・ぅ繝也紫: 50.0%
邃ｹ・・ [32m[3:59:45][0m 答 繝・せ繝・6: 繝翫Ξ繝・ず繝吶・繧ｹ謫堺ｽ・笶・[31m[3:59:45][0m 笶・繝・せ繝亥､ｱ謨・[0 鬆・岼]
